components/landing/ShaderBackground.tsx(3,42): error TS2307: Cannot find module '@react-three/fiber' or its corresponding type declarations.
components/landing/ShaderBackground.tsx(5,24): error TS2307: Cannot find module 'three' or its corresponding type declarations.
components/landing/ShaderBackground.tsx(6,32): error TS2307: Cannot find module '@react-three/drei' or its corresponding type declarations.
components/landing/ShaderBackground.tsx(103,15): error TS7006: Parameter 'state' implicitly has an 'any' type.
components/landing/ShaderBackground.tsx(110,9): error TS2339: Property 'mesh' does not exist on type 'JSX.IntrinsicElements'.
components/landing/ShaderBackground.tsx(111,13): error TS2339: Property 'planeGeometry' does not exist on type 'JSX.IntrinsicElements'.
components/landing/ShaderBackground.tsx(113,13): error TS2339: Property 'gradientMaterial' does not exist on type 'JSX.IntrinsicElements'.
components/landing/ShaderBackground.tsx(114,9): error TS2339: Property 'mesh' does not exist on type 'JSX.IntrinsicElements'.
components/magnetic-button.tsx(23,20): error TS2554: Expected 1 arguments, but got 0.
